// Jest Snapshot v1, https://goo.gl/fbAQLP

exports[`GoogleAutocomplete should render successfully 1`] = `
<body>
  <div>
    <div
      class="w-full flex-1 md:h-full undefined"
    >
      <div
        class="relative"
      >
        <div
          class="relative w-full cursor-default overflow-hidden rounded-lg bg-white text-left focus:outline-none focus-visible:ring-2 focus-visible:ring-white focus-visible:ring-opacity-75 focus-visible:ring-offset-2 focus-visible:ring-offset-teal-300 sm:text-sm"
        >
          <button
            aria-expanded="false"
            aria-haspopup="listbox"
            class="absolute inset-y-0 left-0 flex items-center pl-4"
            data-headlessui-state=""
            id="headlessui-combobox-button-:r0:"
            tabindex="-1"
            type="button"
          >
            <svg
              aria-hidden="true"
              class="h-6 w-6 text-main-orange"
              fill="currentColor"
              height="1em"
              viewBox="0 0 256 256"
              width="1em"
              xmlns="http://www.w3.org/2000/svg"
            >
              <path
                d="M229.66,218.34l-50.07-50.06a88.11,88.11,0,1,0-11.31,11.31l50.06,50.07a8,8,0,0,0,11.32-11.32ZM40,112a72,72,0,1,1,72,72A72.08,72.08,0,0,1,40,112Z"
              />
            </svg>
          </button>
          <input
            aria-autocomplete="list"
            aria-expanded="false"
            class="w-full border-none py-[2.5rem] pl-13 pr-10 text-sm leading-5 text-gray-900 focus:ring-0"
            data-headlessui-state=""
            id="headlessui-combobox-input-:r1:"
            name=""
            role="combobox"
            type="text"
            value=""
          />
        </div>
      </div>
    </div>
  </div>
</body>
`;
